// Jest Snapshot v1, https://goo.gl/fbAQLP

exports[`Navbar matches snapshot 1`] = `
<DocumentFragment>
  <nav
    class="Navbar__NavWrapper-sc-1q1j1oe-0 fkYBon"
  >
    <div
      class="rt-Container rt-r-size-4"
    >
      <div
        class="rt-ContainerInner"
      >
        <div
          class="Navbar__NavContent-sc-1q1j1oe-1 jOdONA"
        >
          Snapshot Test
        </div>
      </div>
    </div>
  </nav>
</DocumentFragment>
`;
